{
    "sarscov2 - contigs - genome - gif": {
        "content": [
            {
                "0": [
                    [
                        {
                            "id": "test"
                        },
                        "test.gif:md5,5140e751b981e8fb304003398ea18f31"
                    ]
                ],
                "1": [
                    
                ],
                "2": [
                    "versions.yml:md5,8a86fe4a0227c77ecfcc0aa21a3ece07"
                ],
                "gif": [
                    [
                        {
                            "id": "test"
                        },
                        "test.gif:md5,5140e751b981e8fb304003398ea18f31"
                    ]
                ],
                "png": [
                    
                ],
                "versions": [
                    "versions.yml:md5,8a86fe4a0227c77ecfcc0aa21a3ece07"
                ]
            }
        ],
        "meta": {
            "nf-test": "0.8.4",
            "nextflow": "24.04.2"
        },
        "timestamp": "2024-06-04T14:27:21.686776"
    },
    "sarscov2 - contigs - genome - png - stub": {
        "content": [
            [
                "versions.yml:md5,8a86fe4a0227c77ecfcc0aa21a3ece07"
            ]
        ],
        "meta": {
            "nf-test": "0.8.4",
            "nextflow": "24.04.2"
        },
        "timestamp": "2024-06-05T09:18:32.571095445"
    },
    "sarscov2 - contigs - genome - png": {
        "content": [
            [
                "versions.yml:md5,8a86fe4a0227c77ecfcc0aa21a3ece07"
            ]
        ],
        "meta": {
            "nf-test": "0.8.4",
            "nextflow": "24.04.2"
        },
        "timestamp": "2024-06-05T08:28:42.049883126"
    }
}